// Jest Snapshot v1, https://goo.gl/fbAQLP

exports[`AuthenticatedApp render should render with MainScreen 1`] = `
<div
  id="authenticated-app"
>
  <MainScreen
    access_token="yadayadayada"
    channel="sirgoosewell"
    modList={Array []}
    onLogout={[Function]}
  />
</div>
`;

exports[`AuthenticatedApp render should render with Redirect on failed login 1`] = `
<Redirect
  to="/login"
/>
`;

exports[`AuthenticatedApp render should render with null 1`] = `
<div
  id="authenticated-app"
>
  <h2>
    <LoadSpinner />
    <br />
    Loading...
  </h2>
</div>
`;
